Script started on Thu 18 Apr 2019 02:03:01 PM PDT
buckled4@CF167-18:~$ cd csci241
buckled4@CF167-18:~/csci241$ cd daen[K[K[K[Klab-1-danebuckley
buckled4@CF167-18:~/csci241/lab-1-danebuckley$ gradel [K[K[Kle run --args[K[K[K[K[K[K[K
[0mStarting a Gradle Daemon (subsequent builds will be faster)


[2A[1B[1m> Starting Daemon[m[17D[1B[1A[1m> Starting Daemon[m[17D[1B[1A[1m> Starting Daemon[m[17D[1B[1A[1m> Starting Daemon[m[17D[1B[1A[1m> Starting Daemon[m[17D[1B[1A[1m> Starting Daemon[m[17D[1B[1A[1m> Starting Daemon[m[17D[1B[1A[1m> Starting Daemon[m[17D[1B[1A[1m> Starting Daemon[m[17D[1B[1A[1m> Starting Daemon[m[17D[1B[1A> IDLE[0K[6D[1B[2A[1m<[0;32;1;0;39;1m-------------> 0% INITIALIZING [0s][m[36D[2B[2A[1m<[0;32;1;0;39;1m-------------> 0% INITIALIZING [0s][m[36D[1B[1m> Evaluating settings[m[21D[1B[2A[1m<[0;32;1;0;39;1m-------------> 0% INITIALIZING [0s][m[36D[1B[1m> Evaluating settings[m[21D[1B[2A[1m<[0;32;1;0;39;1m-------------> 0% INITIALIZING [0s][m[36D[1B[1m> Evaluating settings[m[21D[1B[2A[1m<[0;32;1;0;39;1m-------------> 0% CONFIGURING [0s][m[0K[35D[1B[1m> Loading projects[m[0K[18D[1B[2A[1m<[0;32;1;0;39;1m-------------> 0% CONFIGURING [0s][m[35D[1B[1m> root project[m[0K[14D[1B[2A[1m<[0;32;1;0;39;1m-------------> 0% CONFIGURING [0s][m[35D[1B[1m> root project[m[14D[1B[2A[1m<[0;32;1;0;39;1m-------------> 0% CONFIGURING [0s][m[35D[1B[1m> root project[m[14D[1B[2A[1m<[0;32;1;0;39;1m-------------> 0% CONFIGURING [0s][m[35D[1B[1m> root project[m[14D[1B[2A[1m<[0;32;1;0;39;1m-------------> 0% CONFIGURING [0s][m[35D[1B[1m> root project[m[14D[1B[2A[1m<[0;32;1;0;39;1m-------------> 0% CONFIGURING [1s][m[35D[1B[1m> root project[m[14D[1B[2A[1m<[0;32;1m=============[0;39;1m> 100% CONFIGURING [1s][m[37D[1B> IDLE[0K[6D[1B[2A[1m<[0;32;1;0;39;1m-------------> 0% EXECUTING [1s][m[0K[33D[2B[2A[1m<[0;32;1;0;39;1m-------------> 0% EXECUTING [1s][m[33D[1B[1m> :compileJava[m[14D[1B[2A[1m<[0;32;1;0;39;1m-------------> 0% EXECUTING [1s][m[33D[1B[1m> :compileJava[m[14D[1B[2A[1m<[0;32;1;0;39;1m-------------> 0% EXECUTING [1s][m[33D[1B[1m> :compileJava[m[14D[1B[2A[1m<[0;32;1;0;39;1m-------------> 0% EXECUTING [1s][m[33D[1B[1m> :compileJava[m[14D[1B[2A[1m<[0;32;1m=========[0;39;1m----> 75% EXECUTING [1s][m[34D[1B[1m> :run[m[0K[6D[1B[2A[0K
[1m> Task :run[m
Hello 241

[32;1mBUILD SUCCESSFUL[0;39m in 3s
2 actionable tasks: 2 executed
[0K
[0K
[2A[1m<[0;32;1;0;39;1m-------------> 0% WAITING[m[26D[1B[1m> Deleting unused version-specific caches in /home/buckled4/csci241/lab-1-danebuckley/.gradle[m[93D[1B[2A[1m<[0;32;1;0;39;1m-------------> 0% WAITING[m[26D[2B[2A[2K[1B[2K[1A[0mbuckled4@CF167-18:~/csci241/lab-1-danebuckley$ gradle run
[0m

[2A[1m<[0;32;1;0;39;1m-------------> 0% EXECUTING [0s][m[33D[1B[1m> :compileJava[m[14D[1B[2A[1m<[0;32;1m=========[0;39;1m----> 75% EXECUTING [0s][m[34D[1B[1m> :run[m[0K[6D[1B[2A[0K
[1m> Task :run[m
Hello World!

[32;1mBUILD SUCCESSFUL[0;39m in 0s
2 actionable tasks: 2 executed
[0K
[0K
[2A[1m<[0;32;1;0;39;1m-------------> 0% WAITING[m[26D[1B[1m> :run[m[6D[1B[2A[2K[1B[2K[1A[0mbuckled4@CF167-18:~/csci241/lab-1-danebuckley$ gradle run --args="m[K21[K41"
[0m
[1A
[31;1m> Task :compileJava[0;39m[31m FAILED[39m
/home/buckled4/csci241/lab-1-danebuckley/src/main/java/lab1/Hello.java:11: error: reached end of file while parsing
}
 ^
1 error

[31mFAILURE: [39m[31mBuild failed with an exception.[39m

* What went wrong:
Execution failed for task ':compileJava'.
[33m> [39mCompilation failed; see the compiler error output for details.

* Try:
Run with [1m--stacktrace[m option to get the stack trace. Run with [1m--info[m or [1m--debug[m option to get more log output. Run with [1m--scan[m to get full insights.

* Get more help at [1mhttps://help.gradle.org[m

[31;1mBUILD FAILED[0;39m in 0s
1 actionable task: 1 executed

[1A[1m<[0;32;1;0;39;1m-------------> 0% WAITING[m[26D[1B[1A[1m<[0;32;1;0;39;1m-------------> 0% WAITING[m[26D[1B[1A[2K[0mbuckled4@CF167-18:~/csci241/lab-1-danebuckley$ gradle run
[0m

[2A[1m<[0;32;1m=========[0;39;1m----> 75% EXECUTING [0s][m[34D[1B[1m> :run[m[6D[1B[2A[0K
[31;1m> Task :run[0;39m[31m FAILED[39m
Exception in thread "main" java.lang.ArrayIndexOutOfBoundsException: 0
        at lab1.Hello.main(Hello.java:6)

[31mFAILURE: [39m[31mBuild failed with an exception.[39m

* What went wrong:
Execution failed for task ':run'.
[33m> [39mProcess 'command '/usr/lib/jvm/java-8-openjdk-amd64/bin/java'' finished with non-zero exit value 1

* Try:
Run with [1m--stacktrace[m option to get the stack trace. Run with [1m--info[m or [1m--debug[m option to get more log output. Run with [1m--scan[m to get full insights.

* Get more help at [1mhttps://help.gradle.org[m

[31;1mBUILD FAILED[0;39m in 0s
2 actionable tasks: 2 executed
[0K
[0K
[2A[1m<[0;32;1;0;39;1m-------------> 0% WAITING[m[26D[1B[1m> :run[m[6D[1B[2A[2K[1B[2K[1A[0mbuckled4@CF167-18:~/csci241/lab-1-danebuckley$ gradle run
[0m
[1A
[31;1m> Task :run[0;39m[31m FAILED[39m
Exception in thread "main" java.lang.ArrayIndexOutOfBoundsException: 0
        at lab1.Hello.main(Hello.java:6)

[31mFAILURE: [39m[31mBuild failed with an exception.[39m

* What went wrong:
Execution failed for task ':run'.
[33m> [39mProcess 'command '/usr/lib/jvm/java-8-openjdk-amd64/bin/java'' finished with non-zero exit value 1

* Try:
Run with [1m--stacktrace[m option to get the stack trace. Run with [1m--info[m or [1m--debug[m option to get more log output. Run with [1m--scan[m to get full insights.

* Get more help at [1mhttps://help.gradle.org[m

[31;1mBUILD FAILED[0;39m in 0s
2 actionable tasks: 1 executed, 1 up-to-date

[1A[1m<[0;32;1;0;39;1m-------------> 0% WAITING[m[26D[1B[1A[1m<[0;32;1;0;39;1m-------------> 0% WAITING[m[26D[1B[1A[2K[0mbuckled4@CF167-18:~/csci241/lab-1-danebuckley$ grad[Kl[Kdle run
[0m

[2A[1m<[0;32;1m=========[0;39;1m----> 75% EXECUTING [0s][m[34D[1B[1m> :run[m[6D[1B[2A[0K
[1m> Task :run[m
Hello

[32;1mBUILD SUCCESSFUL[0;39m in 0s
2 actionable tasks: 2 executed
[0K
[0K
[2A[1m<[0;32;1;0;39;1m-------------> 0% WAITING[m[26D[1B[1m> :run[m[6D[1B[2A[2K[1B[2K[1A[0mbuckled4@CF167-18:~/csci241/lab-1-danebuckley$ gradle run
[0m

[1A[1m> Connecting to Daemon[m[22D[1B[2A[1m<[0;32;1m=========[0;39;1m----> 75% EXECUTING [0s][m[34D[1B[1m> :run[m[0K[6D[1B[2A[0K
[1m> Task :run[m
Hello

[32;1mBUILD SUCCESSFUL[0;39m in 0s
2 actionable tasks: 1 executed, 1 up-to-date
[0K
[0K
[2A[1m<[0;32;1;0;39;1m-------------> 0% WAITING[m[26D[1B[1m> :run[m[6D[1B[2A[2K[1B[2K[1A[0mbuckled4@CF167-18:~/csci241/lab-1-danebuckley$ gradle run --args="241"
[0m

[1A[1m> Connecting to Daemon[m[22D[1B[2A[1m<[0;32;1;0;39;1m-------------> 0% EXECUTING [0s][m[33D[1B[1m> :compileJava[m[0K[14D[1B[2A[0K
[1m> Task :run[m[0K
Hello241

[32;1mBUILD SUCCESSFUL[0;39m in 0s
2 actionable tasks: 2 executed
[0K
[0K
[2A[1m<[0;32;1;0;39;1m-------------> 0% WAITING[m[26D[1B[1m> :compileJava[m[14D[1B[2A[2K[1B[2K[1A[0mbuckled4@CF167-18:~/csci241/lab-1-danebuckley$ gi add [K[K[K[K[K a[K[Kt add sc[Krc/main/java/lab1/Hello.java
buckled4@CF167-18:~/csci241/lab-1-danebuckley$ git commit -m "Hello now prinst[K[Kts command line arg"
[master dcddb5e] Hello now prints command line arg
 1 file changed, 2 insertions(+), 1 deletion(-)
buckled4@CF167-18:~/csci241/lab-1-danebuckley$ git push
warning: push.default is unset; its implicit value has changed in
Git 2.0 from 'matching' to 'simple'. To squelch this message
and maintain the traditional behavior, use:

  git config --global push.default matching

To squelch this message and adopt the new behavior now, use:

  git config --global push.default simple

When push.default is set to 'matching', git will push local branches
to the remote branches that already exist with the same name.

Since Git 2.0, Git defaults to the more conservative 'simple'
behavior, which only pushes the current branch to the corresponding
remote branch that 'git pull' uses to update the current branch.

See 'git help config' and search for 'push.default' for further information.
(the 'simple' mode was introduced in Git 1.7.11. Use the similar mode
'current' instead of 'simple' if you sometimes use older versions of Git)

Username for 'https://github.com': bu  danebuckley
Password for 'https://danebuckley@github.com': 
remote: Invalid username or password.
fatal: Authentication failed for 'https://github.com/CSCI241Spring2019/lab-1-danebuckley.git/'
buckled4@CF167-18:~/csci241/lab-1-danebuckley$ git push
warning: push.default is unset; its implicit value has changed in
Git 2.0 from 'matching' to 'simple'. To squelch this message
and maintain the traditional behavior, use:

  git config --global push.default matching

To squelch this message and adopt the new behavior now, use:

  git config --global push.default simple

When push.default is set to 'matching', git will push local branches
to the remote branches that already exist with the same name.

Since Git 2.0, Git defaults to the more conservative 'simple'
behavior, which only pushes the current branch to the corresponding
remote branch that 'git pull' uses to update the current branch.

See 'git help config' and search for 'push.default' for further information.
(the 'simple' mode was introduced in Git 1.7.11. Use the similar mode
'current' instead of 'simple' if you sometimes use older versions of Git)

Username for 'https://github.com': danebuckley
Password for 'https://danebuckley@github.com': 
Counting objects: 7, done.
Delta compression using up to 8 threads.
Compressing objects:  33% (1/3)   Compressing objects:  66% (2/3)   Compressing objects: 100% (3/3)   Compressing objects: 100% (3/3), done.
Writing objects:  14% (1/7)   Writing objects:  28% (2/7)   Writing objects:  42% (3/7)   Writing objects:  57% (4/7)   Writing objects:  71% (5/7)   Writing objects:  85% (6/7)   Writing objects: 100% (7/7)   Writing objects: 100% (7/7), 491 bytes | 0 bytes/s, done.
Total 7 (delta 2), reused 0 (delta 0)
remote: Resolving deltas:   0% (0/2)   [Kremote: Resolving deltas:  50% (1/2)   [Kremote: Resolving deltas: 100% (2/2)   [Kremote: Resolving deltas: 100% (2/2), completed with 2 local objects.[K
To https://github.com/CSCI241Spring2019/lab-1-danebuckley.git
   5962d69..dcddb5e  master -> master
buckled4@CF167-18:~/csci241/lab-1-danebuckley$ exit
exit

Script done on Thu 18 Apr 2019 02:12:08 PM PDT
